// Jest Snapshot v1, https://goo.gl/fbAQLP

exports[`test ExportMethodItems should match snapshot 1`] = `
<div>
  <div
    class="css-8qroj2"
  >
    <div
      class="update-type-item-wrapper css-16nz79o"
    >
      <span
        class="custom-icon  css-u3jcp4"
      >
        <svg
          fill="currentColor"
          height="18"
          viewBox="0 0 18 18"
          width="18"
          xmlns="http://www.w3.org/2000/svg"
        >
          <path
            d="M15 7.5H3V14.25H15V7.5ZM2.25 2.25H15.75C16.1642 2.25 16.5 2.58579 16.5 3V15C16.5 15.4142 16.1642 15.75 15.75 15.75H2.25C1.83579 15.75 1.5 15.4142 1.5 15V3C1.5 2.58579 1.83579 2.25 2.25 2.25ZM3.75 4.5V6H5.25V4.5H3.75ZM6.75 4.5V6H8.25V4.5H6.75ZM3.75 8.25H6V12H3.75V8.25Z"
            fill="currentColor"
          />
        </svg>
      </span>
      <span
        class="text"
      >
        输入SQL语句
      </span>
      <div
        class="active-icon-wrapper"
      >
        <span
          class="icon-order-upload-checked active-icon css-u3jcp4"
        >
          <svg
            fill="none"
            height="14"
            viewBox="0 0 14 14"
            width="14"
            xmlns="http://www.w3.org/2000/svg"
          >
            <g
              id="Frame"
            >
              <path
                d="M3.88879 7.00002L6.22213 9.33335L10.8888 4.66669"
                id="Vector"
                stroke="#FCFBF9"
                stroke-linejoin="round"
                stroke-width="1.5"
              />
            </g>
          </svg>
        </span>
      </div>
    </div>
  </div>
</div>
`;
