// Jest Snapshot v1, https://goo.gl/fbAQLP

exports[`sqle/GlobalRuleTemplate/CloneRuleTemplateModal should match snapshot 1`] = `
<body>
  <div />
  <div />
  <div>
    <div
      class="ant-drawer ant-drawer-right ant-drawer-open"
      tabindex="-1"
    >
      <div
        class="ant-drawer-mask"
      />
      <div
        aria-hidden="true"
        data-sentinel="start"
        style="width: 0px; height: 0px; overflow: hidden; outline: none; position: absolute;"
        tabindex="0"
      />
      <div
        class="ant-drawer-content-wrapper"
        style="width: 480px;"
      >
        <div
          aria-modal="true"
          class="ant-drawer-content basic-drawer-wrapper css-1q29jje"
          role="dialog"
        >
          <div
            class="ant-drawer-wrapper-body"
          >
            <div
              class="ant-drawer-header"
            >
              <div
                class="ant-drawer-header-title"
              >
                <div
                  class="ant-drawer-title"
                >
                  克隆规则模板
                </div>
              </div>
            </div>
            <div
              class="ant-drawer-body"
            >
              <div
                class="closed-icon-custom"
              >
                <span
                  aria-label="close"
                  class="anticon anticon-close"
                  data-testid="basic-drawer-close-icon"
                  role="img"
                >
                  <svg
                    aria-hidden="true"
                    data-icon="close"
                    fill="currentColor"
                    fill-rule="evenodd"
                    focusable="false"
                    height="1em"
                    viewBox="64 64 896 896"
                    width="1em"
                  >
                    <path
                      d="M799.86 166.31c.02 0 .04.02.08.06l57.69 57.7c.04.03.05.05.06.08a.12.12 0 010 .06c0 .03-.02.05-.06.09L569.93 512l287.7 287.7c.04.04.05.06.06.09a.12.12 0 010 .07c0 .02-.02.04-.06.08l-57.7 57.69c-.03.04-.05.05-.07.06a.12.12 0 01-.07 0c-.03 0-.05-.02-.09-.06L512 569.93l-287.7 287.7c-.04.04-.06.05-.09.06a.12.12 0 01-.07 0c-.02 0-.04-.02-.08-.06l-57.69-57.7c-.04-.03-.05-.05-.06-.07a.12.12 0 010-.07c0-.03.02-.05.06-.09L454.07 512l-287.7-287.7c-.04-.04-.05-.06-.06-.09a.12.12 0 010-.07c0-.02.02-.04.06-.08l57.7-57.69c.03-.04.05-.05.07-.06a.12.12 0 01.07 0c.03 0 .05.02.09.06L512 454.07l287.7-287.7c.04-.04.06-.05.09-.06a.12.12 0 01.07 0z"
                    />
                  </svg>
                </span>
              </div>
              <div
                class="ant-space ant-space-vertical full-width-element"
              >
                <div
                  class="ant-space-item"
                  style="margin-bottom: 8px;"
                >
                  <div
                    class="ant-row"
                  >
                    <div
                      class="ant-col"
                    >
                      正在克隆审核规则模板
                      <a
                        href="/"
                        target="_blank"
                      >
                        test_template
                      </a>
                    </div>
                    <div
                      class="ant-col"
                    >
                      <span
                        class="ant-typography ant-typography-secondary"
                      >
                        克隆的规则模板只会继承源模板所有启用的规则、以及变更过的规则等级和阈值。克隆出的新规则模板的模板名称等基本信息需要手动填写。
                      </span>
                    </div>
                  </div>
                </div>
                <div
                  class="ant-space-item"
                >
                  <form
                    class="ant-form ant-form-horizontal"
                  >
                    <div
                      class="ant-form-item"
                    >
                      <div
                        class="ant-row ant-form-item-row"
                      >
                        <div
                          class="ant-col ant-col-24 ant-form-item-label"
                        >
                          <label
                            class="ant-form-item-required"
                            for="templateName"
                            title="模板名称"
                          >
                            模板名称
                          </label>
                        </div>
                        <div
                          class="ant-col ant-col-24 ant-form-item-control"
                        >
                          <div
                            class="ant-form-item-control-input"
                          >
                            <div
                              class="ant-form-item-control-input-content"
                            >
                              <input
                                aria-required="true"
                                class="ant-input basic-input-wrapper css-1pd1cd5"
                                id="templateName"
                                placeholder="请输入模板名称"
                                type="text"
                                value=""
                              />
                            </div>
                          </div>
                        </div>
                      </div>
                    </div>
                    <div
                      class="ant-form-item"
                    >
                      <div
                        class="ant-row ant-form-item-row"
                      >
                        <div
                          class="ant-col ant-col-24 ant-form-item-label"
                        >
                          <label
                            class=""
                            for="templateDesc"
                            title="模板描述"
                          >
                            模板描述
                          </label>
                        </div>
                        <div
                          class="ant-col ant-col-24 ant-form-item-control"
                        >
                          <div
                            class="ant-form-item-control-input"
                          >
                            <div
                              class="ant-form-item-control-input-content"
                            >
                              <textarea
                                class="ant-input basic-input-wrapper textarea-no-resize css-1pd1cd5"
                                id="templateDesc"
                                placeholder="请输入模板描述"
                              />
                            </div>
                          </div>
                        </div>
                      </div>
                    </div>
                  </form>
                </div>
              </div>
            </div>
            <div
              class="ant-drawer-footer"
            >
              <div
                class="ant-space ant-space-horizontal ant-space-align-center"
              >
                <div
                  class="ant-space-item"
                  style="margin-right: 8px;"
                >
                  <button
                    class="ant-btn ant-btn-default basic-button-wrapper css-1uxy5k6"
                    type="button"
                  >
                    <span>
                      关 闭
                    </span>
                  </button>
                </div>
                <div
                  class="ant-space-item"
                >
                  <button
                    class="ant-btn ant-btn-primary basic-button-wrapper css-1uxy5k6"
                    type="button"
                  >
                    <span>
                      提 交
                    </span>
                  </button>
                </div>
              </div>
            </div>
          </div>
        </div>
      </div>
      <div
        aria-hidden="true"
        data-sentinel="end"
        style="width: 0px; height: 0px; overflow: hidden; outline: none; position: absolute;"
        tabindex="0"
      />
    </div>
  </div>
</body>
`;
