// Jest Snapshot v1, https://goo.gl/fbAQLP

exports[`lib/BasicChart should match snapshot 1`] = `
<div>
  <div
    class="ant-card ant-card-bordered css-qsi9tz"
  >
    <div
      class="ant-card-body"
    >
      <div
        data-custom-params="{"data":[{"x":1}]}"
        data-testid="mock-antd-plots"
      />
    </div>
  </div>
</div>
`;
