// Jest Snapshot v1, https://goo.gl/fbAQLP

exports[`lib/PageHeader should render no fixed 1`] = `
<div>
  <div
    class="actiontech-page-header-namespace css-1xspr0w"
  >
    <div
      class="title"
    >
      这是一个标题
    </div>
    <div
      class="extra"
    >
      这是一个extra
    </div>
  </div>
</div>
`;
