// Jest Snapshot v1, https://goo.gl/fbAQLP

exports[`base/page/ResourceOverview/Statictis/BaseInfo render init snap 1`] = `
<div>
  <div
    class="ant-spin-nested-loading"
  >
    <div
      class="ant-spin-container"
    >
      <div
        class="ant-space ant-space-vertical statistic-card-wrapper full-width-element"
      >
        <div
          class="ant-space-item"
          style="margin-bottom: 24px;"
        >
          <div
            class="ant-card ant-card-bordered ant-card-hoverable statistic-card"
          >
            <div
              class="ant-card-body"
            >
              <div
                class="statistic-card-content"
              >
                <div
                  class="statistic-card-icon"
                >
                  <svg
                    color="#15C7D4"
                    height="24"
                    viewBox="0 0 18 18"
                    width="24"
                    xmlns="http://www.w3.org/2000/svg"
                  >
                    <path
                      d="M8.25 5.25V3A.75.75 0 0 1 9 2.25h6.75a.75.75 0 0 1 .75.75v12a.75.75 0 0 1-.75.75H2.25A.75.75 0 0 1 1.5 15V6a.75.75 0 0 1 .75-.75zM3.75 12v1.5H7.5V12zm6.75 0v1.5h3.75V12zm0-2.25v1.5h3.75v-1.5zm0-2.25V9h3.75V7.5zM3.75 9.75v1.5H7.5v-1.5z"
                      fill="currentColor"
                    />
                  </svg>
                </div>
                <div
                  class="ant-statistic"
                >
                  <div
                    class="ant-statistic-title"
                  >
                    <div
                      class="ant-space ant-space-horizontal ant-space-align-center"
                    >
                      <div
                        class="ant-space-item"
                      >
                        业务总数
                      </div>
                    </div>
                  </div>
                  <div
                    class="ant-statistic-content"
                  >
                    <span
                      class="ant-statistic-content-value"
                    >
                      <span
                        class="ant-statistic-content-value-int"
                      >
                        1
                      </span>
                    </span>
                  </div>
                </div>
              </div>
            </div>
          </div>
        </div>
        <div
          class="ant-space-item"
          style="margin-bottom: 24px;"
        >
          <div
            class="ant-card ant-card-bordered ant-card-hoverable statistic-card"
          >
            <div
              class="ant-card-body"
            >
              <div
                class="statistic-card-content"
              >
                <div
                  class="statistic-card-icon"
                >
                  <svg
                    height="24"
                    viewBox="0 0 18 18"
                    width="24"
                    xmlns="http://www.w3.org/2000/svg"
                  >
                    <path
                      d="M2.25 2.25h7.037a.75.75 0 0 1 .67.415L10.5 3.75H15a.75.75 0 0 1 .75.75v8.25a.75.75 0 0 1-.75.75h-4.786a.75.75 0 0 1-.671-.415L9 12H3.75v4.5h-1.5z"
                      fill="#EBAD1C"
                    />
                  </svg>
                </div>
                <div
                  class="ant-statistic"
                >
                  <div
                    class="ant-statistic-title"
                  >
                    <div
                      class="ant-space ant-space-horizontal ant-space-align-center"
                    >
                      <div
                        class="ant-space-item"
                      >
                        项目总数
                      </div>
                    </div>
                  </div>
                  <div
                    class="ant-statistic-content"
                  >
                    <span
                      class="ant-statistic-content-value"
                    >
                      <span
                        class="ant-statistic-content-value-int"
                      >
                        3
                      </span>
                    </span>
                  </div>
                </div>
              </div>
            </div>
          </div>
        </div>
        <div
          class="ant-space-item"
        >
          <div
            class="ant-card ant-card-bordered ant-card-hoverable statistic-card"
          >
            <div
              class="ant-card-body"
            >
              <div
                class="statistic-card-content"
              >
                <div
                  class="statistic-card-icon"
                >
                  <svg
                    color="#4583FF"
                    height="24"
                    viewBox="0 0 18 18"
                    width="24"
                    xmlns="http://www.w3.org/2000/svg"
                  >
                    <path
                      d="M15.75 7.125v2.25c0 1.864-3.023 3.375-6.75 3.375s-6.75-1.511-6.75-3.375v-2.25C2.25 8.989 5.273 10.5 9 10.5s6.75-1.511 6.75-3.375m-13.5 3.75c0 1.864 3.023 3.375 6.75 3.375s6.75-1.511 6.75-3.375v2.25c0 1.864-3.023 3.375-6.75 3.375s-6.75-1.511-6.75-3.375zM9 9C5.273 9 2.25 7.489 2.25 5.625S5.273 2.25 9 2.25s6.75 1.511 6.75 3.375S12.727 9 9 9"
                      fill="currentColor"
                    />
                  </svg>
                </div>
                <div
                  class="ant-statistic"
                >
                  <div
                    class="ant-statistic-title"
                  >
                    <div
                      class="ant-space ant-space-horizontal ant-space-align-center"
                    >
                      <div
                        class="ant-space-item"
                      >
                        数据源总数
                      </div>
                    </div>
                  </div>
                  <div
                    class="ant-statistic-content"
                  >
                    <span
                      class="ant-statistic-content-value"
                    >
                      <span
                        class="ant-statistic-content-value-int"
                      >
                        2
                      </span>
                    </span>
                  </div>
                </div>
              </div>
            </div>
          </div>
        </div>
      </div>
    </div>
  </div>
</div>
`;
