// Jest Snapshot v1, https://goo.gl/fbAQLP

exports[`test base/GlobalDataSource ce should match snapshot 1`] = `
<div>
  <section />
</div>
`;
