// Jest Snapshot v1, https://goo.gl/fbAQLP

exports[`sqle/OperationRecord/OperationStatus should match snap shot 1`] = `
<body>
  <div>
    <div
      class="css-10kos8e"
    >
      <svg
        fill="none"
        height="16"
        viewBox="0 0 16 16"
        width="16"
        xmlns="http://www.w3.org/2000/svg"
      >
        <path
          d="M6.875 1.516a2.25 2.25 0 0 1 2.25 0l3.928 2.267a2.25 2.25 0 0 1 1.125 1.95v4.535a2.25 2.25 0 0 1-1.125 1.948l-3.928 2.269a2.25 2.25 0 0 1-2.25 0l-3.928-2.268a2.25 2.25 0 0 1-1.125-1.95V5.733a2.25 2.25 0 0 1 1.125-1.949zM8 10v2M8 4l.004 4.5"
          stroke="#F59957"
          stroke-width="1.5"
        />
      </svg>
      <span>
        失败
      </span>
    </div>
  </div>
  <div>
    <div
      class="css-10kos8e"
    >
      <svg
        fill="none"
        height="16"
        viewBox="0 0 16 16"
        width="16"
        xmlns="http://www.w3.org/2000/svg"
      >
        <path
          d="M6.875 1.516a2.25 2.25 0 0 1 2.25 0l3.928 2.267a2.25 2.25 0 0 1 1.125 1.95v4.535a2.25 2.25 0 0 1-1.125 1.948l-3.928 2.269a2.25 2.25 0 0 1-2.25 0l-3.928-2.268a2.25 2.25 0 0 1-1.125-1.95V5.733a2.25 2.25 0 0 1 1.125-1.949z"
          stroke="#41BF9A"
          stroke-width="1.5"
        />
        <path
          d="m5.083 8 2.084 2.083 4.166-4.166"
          stroke="#41BF9A"
          stroke-linejoin="round"
          stroke-width="1.5"
        />
      </svg>
      <span>
        成功
      </span>
    </div>
  </div>
</body>
`;

exports[`sqle/OperationRecord/OperationStatus should match snap shot 2`] = `
<body>
  <div>
    <div
      class="css-10kos8e"
    >
      <svg
        fill="none"
        height="16"
        viewBox="0 0 16 16"
        width="16"
        xmlns="http://www.w3.org/2000/svg"
      >
        <path
          d="M6.875 1.516a2.25 2.25 0 0 1 2.25 0l3.928 2.267a2.25 2.25 0 0 1 1.125 1.95v4.535a2.25 2.25 0 0 1-1.125 1.948l-3.928 2.269a2.25 2.25 0 0 1-2.25 0l-3.928-2.268a2.25 2.25 0 0 1-1.125-1.95V5.733a2.25 2.25 0 0 1 1.125-1.949zM8 10v2M8 4l.004 4.5"
          stroke="#F59957"
          stroke-width="1.5"
        />
      </svg>
      <span>
        失败
      </span>
    </div>
  </div>
  <div>
    <div
      class="css-10kos8e"
    >
      <svg
        fill="none"
        height="16"
        viewBox="0 0 16 16"
        width="16"
        xmlns="http://www.w3.org/2000/svg"
      >
        <path
          d="M6.875 1.516a2.25 2.25 0 0 1 2.25 0l3.928 2.267a2.25 2.25 0 0 1 1.125 1.95v4.535a2.25 2.25 0 0 1-1.125 1.948l-3.928 2.269a2.25 2.25 0 0 1-2.25 0l-3.928-2.268a2.25 2.25 0 0 1-1.125-1.95V5.733a2.25 2.25 0 0 1 1.125-1.949z"
          stroke="#41BF9A"
          stroke-width="1.5"
        />
        <path
          d="m5.083 8 2.084 2.083 4.166-4.166"
          stroke="#41BF9A"
          stroke-linejoin="round"
          stroke-width="1.5"
        />
      </svg>
      <span>
        成功
      </span>
    </div>
  </div>
</body>
`;
