// Jest Snapshot v1, https://goo.gl/fbAQLP

exports[`base/System/GlobalSetting/PersonalSMS render init snap 1`] = `
<body>
  <div>
    <div>
      <div
        class="ant-spin-nested-loading"
      >
        <div
          class="ant-spin-container"
        >
          <section
            class="css-zupqof"
          >
            <form
              class="ant-form ant-form-horizontal"
            >
              <div
                class="switch-field-wrapper"
              >
                <div
                  class="ant-form-item css-1jlm9cy"
                >
                  <div
                    class="ant-row ant-form-item-row"
                  >
                    <div
                      class="ant-col ant-col-11 ant-form-item-label ant-form-item-label-left"
                    >
                      <label
                        class="ant-form-item-no-colon"
                        title="双因素认证"
                      >
                        双因素认证
                      </label>
                    </div>
                    <div
                      class="ant-col ant-col-11 ant-col-push-2 ant-form-item-control"
                    >
                      <div
                        class="ant-form-item-control-input"
                      >
                        <div
                          class="ant-form-item-control-input-content"
                        >
                          <div
                            class="ant-space ant-space-horizontal ant-space-align-center"
                          >
                            <div
                              class="ant-space-item"
                            >
                              <div
                                class="ant-form-item css-1jlm9cy ant-form-item-has-success"
                              >
                                <div
                                  class="ant-row ant-form-item-row"
                                >
                                  <div
                                    class="ant-col ant-form-item-control"
                                  >
                                    <div
                                      class="ant-form-item-control-input"
                                    >
                                      <div
                                        class="ant-form-item-control-input-content"
                                      >
                                        <button
                                          aria-checked="true"
                                          class="ant-switch basic-switch-wrapper system-config-switch css-g6dhbn ant-switch-checked"
                                          id="enabled"
                                          role="switch"
                                          type="button"
                                        >
                                          <div
                                            class="ant-switch-handle"
                                          />
                                          <span
                                            class="ant-switch-inner"
                                          >
                                            <span
                                              class="ant-switch-inner-checked"
                                            />
                                            <span
                                              class="ant-switch-inner-unchecked"
                                            />
                                          </span>
                                        </button>
                                      </div>
                                    </div>
                                  </div>
                                </div>
                              </div>
                            </div>
                          </div>
                        </div>
                      </div>
                    </div>
                  </div>
                </div>
              </div>
              <div
                class="config-field-wrapper"
                hidden=""
              >
                <div
                  class="ant-form-item css-1jlm9cy"
                >
                  <div
                    class="ant-row ant-form-item-row"
                  >
                    <div
                      class="ant-col ant-col-11 ant-form-item-label ant-form-item-label-left"
                    >
                      <label
                        class="ant-form-item-no-colon"
                        title="手机号"
                      >
                        手机号
                      </label>
                    </div>
                    <div
                      class="ant-col ant-col-11 ant-col-push-2 ant-form-item-control"
                    >
                      <div
                        class="ant-form-item-control-input"
                      >
                        <div
                          class="ant-form-item-control-input-content"
                        >
                          13112341234
                        </div>
                      </div>
                    </div>
                  </div>
                </div>
                <div
                  class="ant-form-item css-1jlm9cy"
                >
                  <div
                    class="ant-row ant-form-item-row"
                  >
                    <div
                      class="ant-col ant-col-11 ant-form-item-label ant-form-item-label-left"
                    >
                      <label
                        class="ant-form-item-required ant-form-item-no-colon"
                        for="code"
                        title="验证码"
                      >
                        验证码
                      </label>
                    </div>
                    <div
                      class="ant-col ant-col-11 ant-col-push-2 ant-form-item-control"
                    >
                      <div
                        class="ant-form-item-control-input"
                      >
                        <div
                          class="ant-form-item-control-input-content"
                        >
                          <div
                            class="ant-space ant-space-horizontal ant-space-align-center css-jxd35n"
                          >
                            <div
                              class="ant-space-item"
                              style="margin-right: 8px;"
                            >
                              <input
                                aria-required="true"
                                class="ant-input basic-input-wrapper css-1pd1cd5"
                                id="code"
                                placeholder="请输入验证码"
                                type="text"
                                value=""
                              />
                            </div>
                            <div
                              class="ant-space-item"
                            >
                              <button
                                class="ant-btn ant-btn-default basic-button-wrapper css-1uxy5k6"
                                type="button"
                              >
                                <span>
                                  发送验证码
                                </span>
                              </button>
                            </div>
                          </div>
                        </div>
                      </div>
                    </div>
                  </div>
                </div>
                <div
                  class="ant-form-item css-15d6abf"
                >
                  <div
                    class="ant-row ant-form-item-row"
                  >
                    <div
                      class="ant-col ant-col-11 ant-form-item-label ant-form-item-label-left"
                    >
                      <label
                        class="ant-form-item-no-colon"
                        title=" "
                      >
                         
                      </label>
                    </div>
                    <div
                      class="ant-col ant-col-11 ant-col-push-2 ant-form-item-control"
                    >
                      <div
                        class="ant-form-item-control-input"
                      >
                        <div
                          class="ant-form-item-control-input-content"
                        >
                          <div
                            class="ant-space ant-space-horizontal ant-space-align-center"
                          >
                            <div
                              class="ant-space-item"
                              style="margin-right: 12px;"
                            >
                              <button
                                class="ant-btn ant-btn-default basic-button-wrapper css-1uxy5k6"
                                type="button"
                              >
                                <span>
                                  取 消
                                </span>
                              </button>
                            </div>
                            <div
                              class="ant-space-item"
                            >
                              <button
                                class="ant-btn ant-btn-primary basic-button-wrapper css-1uxy5k6"
                                type="submit"
                              >
                                <span>
                                  提 交
                                </span>
                              </button>
                            </div>
                          </div>
                        </div>
                      </div>
                    </div>
                  </div>
                </div>
              </div>
            </form>
          </section>
        </div>
      </div>
    </div>
  </div>
</body>
`;
