// Jest Snapshot v1, https://goo.gl/fbAQLP

exports[`lib/BasicRangePicker should match snapshot 1`] = `
<div>
  <div
    class="css-1y8q0oh"
  >
    <div
      class="ant-picker ant-picker-range basic-range-picker-wrapper css-w7y1zu"
    >
      <div
        class="ant-picker-input ant-picker-input-active"
      >
        <input
          autocomplete="off"
          placeholder="开始日期"
          readonly=""
          size="12"
          value=""
        />
      </div>
      <div
        class="ant-picker-range-separator"
      >
        <svg
          fill="currentColor"
          height="14"
          viewBox="0 0 14 14"
          width="14"
          xmlns="http://www.w3.org/2000/svg"
        >
          <path
            d="M7.684 7 4.796 4.112l.825-.824L9.334 7 5.62 10.712l-.825-.825z"
          />
        </svg>
      </div>
      <div
        class="ant-picker-input"
      >
        <input
          autocomplete="off"
          placeholder="结束日期"
          readonly=""
          size="12"
          value=""
        />
      </div>
      <div
        class="ant-picker-active-bar"
        style="left: 0px; width: 0px; position: absolute;"
      />
    </div>
  </div>
</div>
`;
