// Jest Snapshot v1, https://goo.gl/fbAQLP

exports[`test TaskResultList/FileModeHeader should match snapshot 1`] = `
<div>
  <div
    class="ant-space css-dev-only-do-not-override-txh9fw ant-space-horizontal ant-space-align-center file-mode-title"
  >
    <div
      class="ant-space-item"
      style="margin-right: 8px;"
    >
      <span
        class="custom-icon-ellipse css-u3jcp4"
      >
        <svg
          fill="none"
          height="16"
          viewBox="0 0 16 16"
          width="16"
          xmlns="http://www.w3.org/2000/svg"
        >
          <rect
            fill="#E8F3FF"
            height="16"
            rx="3"
            width="16"
          />
          <circle
            cx="8"
            cy="8"
            fill="white"
            r="3"
            stroke="#4583FF"
            stroke-width="2"
          />
        </svg>
      </span>
    </div>
    <div
      class="ant-space-item"
    >
      <span
        class="file-mode-title-text"
      >
        文件信息概览
      </span>
    </div>
  </div>
</div>
`;
