// Jest Snapshot v1, https://goo.gl/fbAQLP

exports[`base/System/PushNotification/WebhookSetting/ConfigField render snap 1`] = `
<body>
  <div>
    <form
      class="ant-form ant-form-horizontal css-dev-only-do-not-override-txh9fw"
    >
      <div
        class="ant-form-item has-required-style css-1jlm9cy css-dev-only-do-not-override-txh9fw"
      >
        <div
          class="ant-row ant-form-item-row css-dev-only-do-not-override-txh9fw"
        >
          <div
            class="ant-col ant-form-item-label css-dev-only-do-not-override-txh9fw"
          >
            <label
              class="ant-form-item-required"
              for="url"
              title="Webhook url"
            >
              Webhook url
            </label>
          </div>
          <div
            class="ant-col ant-form-item-control css-dev-only-do-not-override-txh9fw"
          >
            <div
              class="ant-form-item-control-input"
            >
              <div
                class="ant-form-item-control-input-content"
              >
                <input
                  aria-required="true"
                  class="ant-input css-dev-only-do-not-override-ywkr0o basic-input-wrapper css-1pd1cd5"
                  id="url"
                  placeholder="请输入{{name}}"
                  type="text"
                  value=""
                />
              </div>
            </div>
          </div>
        </div>
      </div>
      <div
        class="ant-form-item has-required-style css-1jlm9cy css-dev-only-do-not-override-txh9fw"
      >
        <div
          class="ant-row ant-form-item-row css-dev-only-do-not-override-txh9fw"
        >
          <div
            class="ant-col ant-form-item-label css-dev-only-do-not-override-txh9fw"
          >
            <label
              class="ant-form-item-required"
              for="maxRetryTimes"
              title="最大重试次数"
            >
              最大重试次数
            </label>
          </div>
          <div
            class="ant-col ant-form-item-control css-dev-only-do-not-override-txh9fw"
          >
            <div
              class="ant-form-item-control-input"
            >
              <div
                class="ant-form-item-control-input-content"
              >
                <div
                  class="ant-input-number ant-input-number-lg ant-input-number-in-form-item css-dev-only-do-not-override-ezmdel basic-inputNumber-wrapper css-cr6b1y"
                >
                  <div
                    class="ant-input-number-handler-wrap"
                  >
                    <span
                      aria-disabled="false"
                      aria-label="Increase Value"
                      class="ant-input-number-handler ant-input-number-handler-up"
                      role="button"
                      unselectable="on"
                    >
                      <span
                        aria-label="up"
                        class="anticon anticon-up ant-input-number-handler-up-inner"
                        role="img"
                      >
                        <svg
                          aria-hidden="true"
                          data-icon="up"
                          fill="currentColor"
                          focusable="false"
                          height="1em"
                          viewBox="64 64 896 896"
                          width="1em"
                        >
                          <path
                            d="M890.5 755.3L537.9 269.2c-12.8-17.6-39-17.6-51.7 0L133.5 755.3A8 8 0 00140 768h75c5.1 0 9.9-2.5 12.9-6.6L512 369.8l284.1 391.6c3 4.1 7.8 6.6 12.9 6.6h75c6.5 0 10.3-7.4 6.5-12.7z"
                          />
                        </svg>
                      </span>
                    </span>
                    <span
                      aria-disabled="false"
                      aria-label="Decrease Value"
                      class="ant-input-number-handler ant-input-number-handler-down"
                      role="button"
                      unselectable="on"
                    >
                      <span
                        aria-label="down"
                        class="anticon anticon-down ant-input-number-handler-down-inner"
                        role="img"
                      >
                        <svg
                          aria-hidden="true"
                          data-icon="down"
                          fill="currentColor"
                          focusable="false"
                          height="1em"
                          viewBox="64 64 896 896"
                          width="1em"
                        >
                          <path
                            d="M884 256h-75c-5.1 0-9.9 2.5-12.9 6.6L512 654.2 227.9 262.6c-3-4.1-7.8-6.6-12.9-6.6h-75c-6.5 0-10.3 7.4-6.5 12.7l352.6 486.1c12.8 17.6 39 17.6 51.7 0l352.6-486.1c3.9-5.3.1-12.7-6.4-12.7z"
                          />
                        </svg>
                      </span>
                    </span>
                  </div>
                  <div
                    class="ant-input-number-input-wrap"
                  >
                    <input
                      aria-required="true"
                      aria-valuemax="5"
                      aria-valuemin="0"
                      autocomplete="off"
                      class="ant-input-number-input"
                      id="maxRetryTimes"
                      role="spinbutton"
                      step="1"
                      value=""
                    />
                  </div>
                </div>
              </div>
            </div>
          </div>
        </div>
      </div>
      <div
        class="ant-form-item has-required-style css-1jlm9cy css-dev-only-do-not-override-txh9fw"
      >
        <div
          class="ant-row ant-form-item-row css-dev-only-do-not-override-txh9fw"
        >
          <div
            class="ant-col ant-form-item-label css-dev-only-do-not-override-txh9fw"
          >
            <label
              class="ant-form-item-required"
              for="retryIntervalSeconds"
              title="最大重试间隔(秒)"
            >
              最大重试间隔(秒)
            </label>
          </div>
          <div
            class="ant-col ant-form-item-control css-dev-only-do-not-override-txh9fw"
          >
            <div
              class="ant-form-item-control-input"
            >
              <div
                class="ant-form-item-control-input-content"
              >
                <div
                  class="ant-input-number ant-input-number-lg ant-input-number-in-form-item css-dev-only-do-not-override-ezmdel basic-inputNumber-wrapper css-cr6b1y"
                >
                  <div
                    class="ant-input-number-handler-wrap"
                  >
                    <span
                      aria-disabled="false"
                      aria-label="Increase Value"
                      class="ant-input-number-handler ant-input-number-handler-up"
                      role="button"
                      unselectable="on"
                    >
                      <span
                        aria-label="up"
                        class="anticon anticon-up ant-input-number-handler-up-inner"
                        role="img"
                      >
                        <svg
                          aria-hidden="true"
                          data-icon="up"
                          fill="currentColor"
                          focusable="false"
                          height="1em"
                          viewBox="64 64 896 896"
                          width="1em"
                        >
                          <path
                            d="M890.5 755.3L537.9 269.2c-12.8-17.6-39-17.6-51.7 0L133.5 755.3A8 8 0 00140 768h75c5.1 0 9.9-2.5 12.9-6.6L512 369.8l284.1 391.6c3 4.1 7.8 6.6 12.9 6.6h75c6.5 0 10.3-7.4 6.5-12.7z"
                          />
                        </svg>
                      </span>
                    </span>
                    <span
                      aria-disabled="false"
                      aria-label="Decrease Value"
                      class="ant-input-number-handler ant-input-number-handler-down"
                      role="button"
                      unselectable="on"
                    >
                      <span
                        aria-label="down"
                        class="anticon anticon-down ant-input-number-handler-down-inner"
                        role="img"
                      >
                        <svg
                          aria-hidden="true"
                          data-icon="down"
                          fill="currentColor"
                          focusable="false"
                          height="1em"
                          viewBox="64 64 896 896"
                          width="1em"
                        >
                          <path
                            d="M884 256h-75c-5.1 0-9.9 2.5-12.9 6.6L512 654.2 227.9 262.6c-3-4.1-7.8-6.6-12.9-6.6h-75c-6.5 0-10.3 7.4-6.5 12.7l352.6 486.1c12.8 17.6 39 17.6 51.7 0l352.6-486.1c3.9-5.3.1-12.7-6.4-12.7z"
                          />
                        </svg>
                      </span>
                    </span>
                  </div>
                  <div
                    class="ant-input-number-input-wrap"
                  >
                    <input
                      aria-required="true"
                      aria-valuemax="5"
                      aria-valuemin="1"
                      autocomplete="off"
                      class="ant-input-number-input"
                      id="retryIntervalSeconds"
                      role="spinbutton"
                      step="1"
                      value=""
                    />
                  </div>
                </div>
              </div>
            </div>
          </div>
        </div>
      </div>
      <div
        class="ant-form-item css-1jlm9cy css-dev-only-do-not-override-txh9fw"
      >
        <div
          class="ant-row ant-form-item-row css-dev-only-do-not-override-txh9fw"
        >
          <div
            class="ant-col ant-form-item-label css-dev-only-do-not-override-txh9fw"
          >
            <label
              class=""
              for="token"
              title="token"
            >
              token
            </label>
          </div>
          <div
            class="ant-col ant-form-item-control css-dev-only-do-not-override-txh9fw"
          >
            <div
              class="ant-form-item-control-input"
            >
              <div
                class="ant-form-item-control-input-content"
              >
                <input
                  class="ant-input css-dev-only-do-not-override-ywkr0o basic-input-wrapper css-1pd1cd5"
                  id="token"
                  placeholder="请输入token"
                  type="text"
                  value=""
                />
              </div>
            </div>
          </div>
        </div>
      </div>
    </form>
  </div>
</body>
`;

exports[`base/System/PushNotification/WebhookSetting/ConfigField render validate url 1`] = `
<body>
  <div>
    <form
      class="ant-form ant-form-horizontal css-dev-only-do-not-override-txh9fw"
    >
      <div
        class="ant-form-item has-required-style css-1jlm9cy css-dev-only-do-not-override-txh9fw"
      >
        <div
          class="ant-row ant-form-item-row css-dev-only-do-not-override-txh9fw"
        >
          <div
            class="ant-col ant-form-item-label css-dev-only-do-not-override-txh9fw"
          >
            <label
              class="ant-form-item-required"
              for="url"
              title="Webhook url"
            >
              Webhook url
            </label>
          </div>
          <div
            class="ant-col ant-form-item-control css-dev-only-do-not-override-txh9fw"
          >
            <div
              class="ant-form-item-control-input"
            >
              <div
                class="ant-form-item-control-input-content"
              >
                <input
                  aria-required="true"
                  class="ant-input css-dev-only-do-not-override-ywkr0o basic-input-wrapper css-1pd1cd5"
                  id="url"
                  placeholder="请输入{{name}}"
                  type="text"
                  value=""
                />
              </div>
            </div>
          </div>
        </div>
      </div>
      <div
        class="ant-form-item has-required-style css-1jlm9cy css-dev-only-do-not-override-txh9fw"
      >
        <div
          class="ant-row ant-form-item-row css-dev-only-do-not-override-txh9fw"
        >
          <div
            class="ant-col ant-form-item-label css-dev-only-do-not-override-txh9fw"
          >
            <label
              class="ant-form-item-required"
              for="maxRetryTimes"
              title="最大重试次数"
            >
              最大重试次数
            </label>
          </div>
          <div
            class="ant-col ant-form-item-control css-dev-only-do-not-override-txh9fw"
          >
            <div
              class="ant-form-item-control-input"
            >
              <div
                class="ant-form-item-control-input-content"
              >
                <div
                  class="ant-input-number ant-input-number-lg ant-input-number-in-form-item css-dev-only-do-not-override-ezmdel basic-inputNumber-wrapper css-cr6b1y"
                >
                  <div
                    class="ant-input-number-handler-wrap"
                  >
                    <span
                      aria-disabled="false"
                      aria-label="Increase Value"
                      class="ant-input-number-handler ant-input-number-handler-up"
                      role="button"
                      unselectable="on"
                    >
                      <span
                        aria-label="up"
                        class="anticon anticon-up ant-input-number-handler-up-inner"
                        role="img"
                      >
                        <svg
                          aria-hidden="true"
                          data-icon="up"
                          fill="currentColor"
                          focusable="false"
                          height="1em"
                          viewBox="64 64 896 896"
                          width="1em"
                        >
                          <path
                            d="M890.5 755.3L537.9 269.2c-12.8-17.6-39-17.6-51.7 0L133.5 755.3A8 8 0 00140 768h75c5.1 0 9.9-2.5 12.9-6.6L512 369.8l284.1 391.6c3 4.1 7.8 6.6 12.9 6.6h75c6.5 0 10.3-7.4 6.5-12.7z"
                          />
                        </svg>
                      </span>
                    </span>
                    <span
                      aria-disabled="false"
                      aria-label="Decrease Value"
                      class="ant-input-number-handler ant-input-number-handler-down"
                      role="button"
                      unselectable="on"
                    >
                      <span
                        aria-label="down"
                        class="anticon anticon-down ant-input-number-handler-down-inner"
                        role="img"
                      >
                        <svg
                          aria-hidden="true"
                          data-icon="down"
                          fill="currentColor"
                          focusable="false"
                          height="1em"
                          viewBox="64 64 896 896"
                          width="1em"
                        >
                          <path
                            d="M884 256h-75c-5.1 0-9.9 2.5-12.9 6.6L512 654.2 227.9 262.6c-3-4.1-7.8-6.6-12.9-6.6h-75c-6.5 0-10.3 7.4-6.5 12.7l352.6 486.1c12.8 17.6 39 17.6 51.7 0l352.6-486.1c3.9-5.3.1-12.7-6.4-12.7z"
                          />
                        </svg>
                      </span>
                    </span>
                  </div>
                  <div
                    class="ant-input-number-input-wrap"
                  >
                    <input
                      aria-required="true"
                      aria-valuemax="5"
                      aria-valuemin="0"
                      autocomplete="off"
                      class="ant-input-number-input"
                      id="maxRetryTimes"
                      role="spinbutton"
                      step="1"
                      value=""
                    />
                  </div>
                </div>
              </div>
            </div>
          </div>
        </div>
      </div>
      <div
        class="ant-form-item has-required-style css-1jlm9cy css-dev-only-do-not-override-txh9fw"
      >
        <div
          class="ant-row ant-form-item-row css-dev-only-do-not-override-txh9fw"
        >
          <div
            class="ant-col ant-form-item-label css-dev-only-do-not-override-txh9fw"
          >
            <label
              class="ant-form-item-required"
              for="retryIntervalSeconds"
              title="最大重试间隔(秒)"
            >
              最大重试间隔(秒)
            </label>
          </div>
          <div
            class="ant-col ant-form-item-control css-dev-only-do-not-override-txh9fw"
          >
            <div
              class="ant-form-item-control-input"
            >
              <div
                class="ant-form-item-control-input-content"
              >
                <div
                  class="ant-input-number ant-input-number-lg ant-input-number-in-form-item css-dev-only-do-not-override-ezmdel basic-inputNumber-wrapper css-cr6b1y"
                >
                  <div
                    class="ant-input-number-handler-wrap"
                  >
                    <span
                      aria-disabled="false"
                      aria-label="Increase Value"
                      class="ant-input-number-handler ant-input-number-handler-up"
                      role="button"
                      unselectable="on"
                    >
                      <span
                        aria-label="up"
                        class="anticon anticon-up ant-input-number-handler-up-inner"
                        role="img"
                      >
                        <svg
                          aria-hidden="true"
                          data-icon="up"
                          fill="currentColor"
                          focusable="false"
                          height="1em"
                          viewBox="64 64 896 896"
                          width="1em"
                        >
                          <path
                            d="M890.5 755.3L537.9 269.2c-12.8-17.6-39-17.6-51.7 0L133.5 755.3A8 8 0 00140 768h75c5.1 0 9.9-2.5 12.9-6.6L512 369.8l284.1 391.6c3 4.1 7.8 6.6 12.9 6.6h75c6.5 0 10.3-7.4 6.5-12.7z"
                          />
                        </svg>
                      </span>
                    </span>
                    <span
                      aria-disabled="false"
                      aria-label="Decrease Value"
                      class="ant-input-number-handler ant-input-number-handler-down"
                      role="button"
                      unselectable="on"
                    >
                      <span
                        aria-label="down"
                        class="anticon anticon-down ant-input-number-handler-down-inner"
                        role="img"
                      >
                        <svg
                          aria-hidden="true"
                          data-icon="down"
                          fill="currentColor"
                          focusable="false"
                          height="1em"
                          viewBox="64 64 896 896"
                          width="1em"
                        >
                          <path
                            d="M884 256h-75c-5.1 0-9.9 2.5-12.9 6.6L512 654.2 227.9 262.6c-3-4.1-7.8-6.6-12.9-6.6h-75c-6.5 0-10.3 7.4-6.5 12.7l352.6 486.1c12.8 17.6 39 17.6 51.7 0l352.6-486.1c3.9-5.3.1-12.7-6.4-12.7z"
                          />
                        </svg>
                      </span>
                    </span>
                  </div>
                  <div
                    class="ant-input-number-input-wrap"
                  >
                    <input
                      aria-required="true"
                      aria-valuemax="5"
                      aria-valuemin="1"
                      autocomplete="off"
                      class="ant-input-number-input"
                      id="retryIntervalSeconds"
                      role="spinbutton"
                      step="1"
                      value=""
                    />
                  </div>
                </div>
              </div>
            </div>
          </div>
        </div>
      </div>
      <div
        class="ant-form-item css-1jlm9cy css-dev-only-do-not-override-txh9fw"
      >
        <div
          class="ant-row ant-form-item-row css-dev-only-do-not-override-txh9fw"
        >
          <div
            class="ant-col ant-form-item-label css-dev-only-do-not-override-txh9fw"
          >
            <label
              class=""
              for="token"
              title="token"
            >
              token
            </label>
          </div>
          <div
            class="ant-col ant-form-item-control css-dev-only-do-not-override-txh9fw"
          >
            <div
              class="ant-form-item-control-input"
            >
              <div
                class="ant-form-item-control-input-content"
              >
                <input
                  class="ant-input css-dev-only-do-not-override-ywkr0o basic-input-wrapper css-1pd1cd5"
                  id="token"
                  placeholder="请输入token"
                  type="text"
                  value=""
                />
              </div>
            </div>
          </div>
        </div>
      </div>
    </form>
  </div>
</body>
`;
