// Jest Snapshot v1, https://goo.gl/fbAQLP

exports[`sqle/SqlOptimization/Result/Modal/TableStructureModal should render modal when open with data 1`] = `
<body>
  <div />
  <div>
    <div
      class="ant-modal-root"
    >
      <div
        class="ant-modal-mask"
      />
      <div
        class="ant-modal-wrap ant-modal-centered"
        tabindex="-1"
      >
        <div
          aria-labelledby="test-id"
          aria-modal="true"
          class="ant-modal basic-modal-wrapper css-vvpsbb ant-zoom-appear ant-zoom-appear-prepare ant-zoom"
          role="dialog"
          style="width: 1000px;"
        >
          <div
            aria-hidden="true"
            style="width: 0px; height: 0px; overflow: hidden; outline: none;"
            tabindex="0"
          />
          <div
            class="ant-modal-content"
          >
            <button
              aria-label="Close"
              class="ant-modal-close"
              type="button"
            >
              <span
                class="ant-modal-close-x"
              >
                <svg
                  fill="currentColor"
                  height="16"
                  viewBox="0 0 14 14"
                  width="16"
                  xmlns="http://www.w3.org/2000/svg"
                >
                  <path
                    d="m7 6.175 2.887-2.887.825.825L7.825 7l2.887 2.888-.825.824L7 7.825l-2.888 2.887-.824-.824L6.175 7 3.288 4.113l.824-.825z"
                  />
                </svg>
              </span>
            </button>
            <div
              class="ant-modal-header"
            >
              <div
                class="ant-modal-title"
                id="test-id"
              >
                查看表结构及最佳索引
              </div>
            </div>
            <div
              class="ant-modal-body"
            >
              <div
                class="css-1xpvlkz"
              >
                <div
                  class="section"
                >
                  <div
                    class="section-header"
                  >
                    <div
                      class="section-title"
                    >
                      该查询的表结构
                    </div>
                    <button
                      class="ant-btn ant-btn-default ant-btn-sm basic-button-wrapper css-geipcv"
                      title="复制"
                      type="button"
                    >
                      <span
                        class="ant-btn-icon"
                      >
                        <svg
                          height="16"
                          viewBox="0 0 16 16"
                          width="16"
                          xmlns="http://www.w3.org/2000/svg"
                        >
                          <path
                            d="M4.667 4.667V2a.667.667 0 0 1 .666-.667H14a.667.667 0 0 1 .667.667v8.667a.667.667 0 0 1-.667.667h-2.667v2.662c0 .37-.3.67-.671.67H2.005a.67.67 0 0 1-.672-.67l.002-8.658c0-.37.3-.671.672-.671zm1.333 0h4.662c.37 0 .671.3.671.671V10h2V2.667H6z"
                            fill="#C3C6CD"
                          />
                        </svg>
                      </span>
                    </button>
                  </div>
                  <div
                    class="section-content"
                  >
                    <textarea
                      class="ant-input ant-input-borderless basic-input-wrapper css-1pd1cd5"
                      placeholder="请输入{{name}}"
                      readonly=""
                      rows="8"
                    >
                      CREATE TABLE students (
    student_id INT AUTO_INCREMENT PRIMARY KEY,  -- 学生唯一标识
    student_name VARCHAR(100),                  -- 学生姓名
    phone_number VARCHAR(20),                   -- 学生电话号码
    create_at DATETIME,                         -- 学生账户创建时间
    age INT,                                    -- 学生年龄
);

CREATE TABLE student_classes (
    student_id INT PRIMARY KEY, -- 学生唯一标识
    class_id INT,               -- 班级唯一标识
);

CREATE TABLE enrollments (
    enrollment_id INT AUTO_INCREMENT PRIMARY KEY,  -- 选课记录ID
    student_id INT,                               -- 学生唯一标识
    course_id INT,                                -- 课程唯一标识
    enrollment_date DATETIME,                     -- 选课日期
);
                    </textarea>
                  </div>
                </div>
                <div
                  class="section"
                >
                  <div
                    class="section-header"
                  >
                    <div
                      class="section-title"
                    >
                      该查询的最佳索引
                    </div>
                    <button
                      class="ant-btn ant-btn-default ant-btn-sm basic-button-wrapper css-geipcv"
                      title="复制"
                      type="button"
                    >
                      <span
                        class="ant-btn-icon"
                      >
                        <svg
                          height="16"
                          viewBox="0 0 16 16"
                          width="16"
                          xmlns="http://www.w3.org/2000/svg"
                        >
                          <path
                            d="M4.667 4.667V2a.667.667 0 0 1 .666-.667H14a.667.667 0 0 1 .667.667v8.667a.667.667 0 0 1-.667.667h-2.667v2.662c0 .37-.3.67-.671.67H2.005a.67.67 0 0 1-.672-.67l.002-8.658c0-.37.3-.671.672-.671zm1.333 0h4.662c.37 0 .671.3.671.671V10h2V2.667H6z"
                            fill="#C3C6CD"
                          />
                        </svg>
                      </span>
                    </button>
                  </div>
                  <div
                    class="section-content"
                  >
                    <div
                      class="actiontech-sql-renderer-wrapper word-wrap css-q962ee"
                    >
                      <pre>
                        <code>
                          <div
                            class="code-line wrapped-line with-line-number"
                          >
                            <span
                              class="code-line-number"
                            >
                              1
                            </span>
                            <span
                              class="hljs-keyword"
                            >
                              CREATE
                            </span>
                             INDEX idx_students_create_at 
                            <span
                              class="hljs-keyword"
                            >
                              ON
                            </span>
                             students(create_at);
                          </div>
                        </code>
                      </pre>
                    </div>
                  </div>
                </div>
              </div>
            </div>
          </div>
          <div
            aria-hidden="true"
            style="width: 0px; height: 0px; overflow: hidden; outline: none;"
            tabindex="0"
          />
        </div>
      </div>
    </div>
  </div>
</body>
`;
