// Jest Snapshot v1, https://goo.gl/fbAQLP

exports[`test genMenuItemsWithMenuStructTree should match snapshot 1`] = `[]`;

exports[`test genMenuItemsWithMenuStructTree should match snapshot 2`] = `[]`;

exports[`test genMenuItemsWithMenuStructTree should match snapshot 3`] = `[]`;

exports[`test genMenuItemsWithMenuStructTree should match snapshot 4`] = `
[
  null,
  {
    "type": "divider",
  },
  {
    "children": [
      {
        "icon": <ComputerFilled
          height={18}
          width={18}
        />,
        "key": "project/projectID/cloud-beaver",
        "label": <ForwardRef(TypedLink)
          params={
            {
              "projectID": "600300",
            }
          }
          to={
            {
              "path": ":projectID/cloud-beaver",
              "prefix": "/project",
              "query": "open_cloud_beaver",
            }
          }
        >
          SQL工作台
        </ForwardRef(TypedLink)>,
        "structKey": "cloud-beaver",
      },
      {
        "icon": <ExportFilled
          height={18}
          width={18}
        />,
        "key": "project/projectID/data/export",
        "label": <ForwardRef(TypedLink)
          params={
            {
              "projectID": "600300",
            }
          }
          to={
            {
              "path": ":projectID/data/export",
              "prefix": "/project",
            }
          }
        >
          数据导出
        </ForwardRef(TypedLink)>,
        "structKey": "data-export",
      },
      null,
      null,
      null,
      null,
    ],
    "label": "SQL开发",
    "permission": undefined,
    "type": "group",
  },
  null,
  null,
  null,
  {
    "type": "divider",
  },
  {
    "children": [
      {
        "icon": <DatabaseFilled
          height={18}
          width={18}
        />,
        "key": "project/projectID/db-services",
        "label": <ForwardRef(TypedLink)
          params={
            {
              "projectID": "600300",
            }
          }
          to={
            {
              "path": ":projectID/db-services",
              "prefix": "/project",
              "query": "address",
            }
          }
        >
          数据源
        </ForwardRef(TypedLink)>,
        "structKey": "instance",
      },
      null,
      null,
      {
        "icon": <MemberFilled
          height={18}
          width={18}
        />,
        "key": "project/projectID/member",
        "label": <ForwardRef(TypedLink)
          params={
            {
              "projectID": "600300",
            }
          }
          to={
            {
              "path": ":projectID/member",
              "prefix": "/project",
            }
          }
        >
          成员与权限
        </ForwardRef(TypedLink)>,
        "structKey": "member",
      },
      null,
      null,
      null,
    ],
    "label": "项目配置",
    "permission": undefined,
    "type": "group",
  },
  {
    "type": "divider",
  },
  null,
]
`;

exports[`test genMenuItemsWithMenuStructTree should match snapshot 5`] = `
[
  null,
  {
    "type": "divider",
  },
  {
    "children": [
      {
        "icon": <ComputerFilled
          height={18}
          width={18}
        />,
        "key": "project/projectID/cloud-beaver",
        "label": <ForwardRef(TypedLink)
          params={
            {
              "projectID": "600300",
            }
          }
          to={
            {
              "path": ":projectID/cloud-beaver",
              "prefix": "/project",
              "query": "open_cloud_beaver",
            }
          }
        >
          SQL工作台
        </ForwardRef(TypedLink)>,
        "structKey": "cloud-beaver",
      },
      {
        "icon": <ExportFilled
          height={18}
          width={18}
        />,
        "key": "project/projectID/data/export",
        "label": <ForwardRef(TypedLink)
          params={
            {
              "projectID": "600300",
            }
          }
          to={
            {
              "path": ":projectID/data/export",
              "prefix": "/project",
            }
          }
        >
          数据导出
        </ForwardRef(TypedLink)>,
        "structKey": "data-export",
      },
      null,
      null,
      null,
      null,
    ],
    "label": "SQL开发",
    "permission": undefined,
    "type": "group",
  },
  null,
  null,
  null,
  {
    "type": "divider",
  },
  {
    "children": [
      {
        "icon": <DatabaseFilled
          height={18}
          width={18}
        />,
        "key": "project/projectID/db-services",
        "label": <ForwardRef(TypedLink)
          params={
            {
              "projectID": "600300",
            }
          }
          to={
            {
              "path": ":projectID/db-services",
              "prefix": "/project",
              "query": "address",
            }
          }
        >
          数据源
        </ForwardRef(TypedLink)>,
        "structKey": "instance",
      },
      null,
      null,
      {
        "icon": <MemberFilled
          height={18}
          width={18}
        />,
        "key": "project/projectID/member",
        "label": <ForwardRef(TypedLink)
          params={
            {
              "projectID": "600300",
            }
          }
          to={
            {
              "path": ":projectID/member",
              "prefix": "/project",
            }
          }
        >
          成员与权限
        </ForwardRef(TypedLink)>,
        "structKey": "member",
      },
      null,
      null,
      null,
    ],
    "label": "项目配置",
    "permission": undefined,
    "type": "group",
  },
  {
    "type": "divider",
  },
  null,
]
`;

exports[`test genMenuItemsWithMenuStructTree should match snapshot 6`] = `
[
  {
    "icon": <OverviewOutlined
      height={18}
      width={18}
    />,
    "key": "sqle/project/projectID/overview",
    "label": <ForwardRef(TypedLink)
      params={
        {
          "projectID": "600300",
        }
      }
      to={
        {
          "path": ":projectID/overview",
          "prefix": "/sqle/project",
        }
      }
    >
      项目概览
    </ForwardRef(TypedLink)>,
    "structKey": "project-overview",
  },
  {
    "type": "divider",
  },
  {
    "children": [
      {
        "icon": <ComputerFilled
          height={18}
          width={18}
        />,
        "key": "project/projectID/cloud-beaver",
        "label": <ForwardRef(TypedLink)
          params={
            {
              "projectID": "600300",
            }
          }
          to={
            {
              "path": ":projectID/cloud-beaver",
              "prefix": "/project",
              "query": "open_cloud_beaver",
            }
          }
        >
          SQL工作台
        </ForwardRef(TypedLink)>,
        "structKey": "cloud-beaver",
      },
      {
        "icon": <ExportFilled
          height={18}
          width={18}
        />,
        "key": "project/projectID/data/export",
        "label": <ForwardRef(TypedLink)
          params={
            {
              "projectID": "600300",
            }
          }
          to={
            {
              "path": ":projectID/data/export",
              "prefix": "/project",
            }
          }
        >
          数据导出
        </ForwardRef(TypedLink)>,
        "structKey": "data-export",
      },
      {
        "icon": <MagnifierFilled
          height={18}
          width={18}
        />,
        "key": "sqle/project/projectID/sql-audit",
        "label": <ForwardRef(TypedLink)
          params={
            {
              "projectID": "600300",
            }
          }
          to={
            {
              "path": ":projectID/sql-audit",
              "prefix": "/sqle/project",
              "query": "SQLAuditRecordID",
            }
          }
        >
          快捷审核
        </ForwardRef(TypedLink)>,
        "structKey": "sql-audit",
      },
      {
        "icon": <CodeOutlined
          height={18}
          width={18}
        />,
        "key": "sqle/project/projectID/plugin-audit",
        "label": <ForwardRef(TypedLink)
          params={
            {
              "projectID": "600300",
            }
          }
          to={
            {
              "path": ":projectID/plugin-audit",
              "prefix": "/sqle/project",
            }
          }
        >
          IDE审核
        </ForwardRef(TypedLink)>,
        "structKey": "plugin-audit",
      },
      {
        "icon": <RiseSquareOutlined
          height={18}
          width={18}
        />,
        "key": "sqle/project/projectID/sql-optimization",
        "label": <ForwardRef(TypedLink)
          params={
            {
              "projectID": "600300",
            }
          }
          to={
            {
              "path": ":projectID/sql-optimization",
              "prefix": "/sqle/project",
            }
          }
        >
          智能调优
        </ForwardRef(TypedLink)>,
        "permission": "page:sql_optimization",
        "structKey": "sql-optimization",
      },
      {
        "icon": <ComparisonOutlined
          height={18}
          width={18}
        />,
        "key": "sqle/project/projectID/data-source-comparison",
        "label": <ForwardRef(TypedLink)
          params={
            {
              "projectID": "600300",
            }
          }
          to={
            {
              "path": ":projectID/data-source-comparison",
              "prefix": "/sqle/project",
            }
          }
        >
          结构对比
        </ForwardRef(TypedLink)>,
        "structKey": "data-source-comparison",
      },
    ],
    "label": "SQL开发",
    "permission": undefined,
    "type": "group",
  },
  {
    "children": [
      {
        "icon": <BriefcaseFilled
          height={18}
          width={18}
        />,
        "key": "sqle/project/projectID/exec-workflow",
        "label": <ForwardRef(TypedLink)
          params={
            {
              "projectID": "600300",
            }
          }
          to={
            {
              "path": ":projectID/exec-workflow",
              "prefix": "/sqle/project",
            }
          }
        >
          SQL工单
        </ForwardRef(TypedLink)>,
        "structKey": "exec-workflow",
      },
      {
        "icon": <FileVersionOutlined
          height={18}
          width={18}
        />,
        "key": "sqle/project/projectID/version-management",
        "label": <ForwardRef(TypedLink)
          params={
            {
              "projectID": "600300",
            }
          }
          to={
            {
              "path": ":projectID/version-management",
              "prefix": "/sqle/project",
            }
          }
        >
          版本管理
        </ForwardRef(TypedLink)>,
        "structKey": "version-management",
      },
    ],
    "label": "SQL上线",
    "permission": undefined,
    "type": "group",
  },
  {
    "children": [
      {
        "icon": <PipelineOutlined
          height={18}
          width={18}
        />,
        "key": "sqle/project/projectID/pipeline-configuration",
        "label": <ForwardRef(TypedLink)
          params={
            {
              "projectID": "600300",
            }
          }
          to={
            {
              "path": ":projectID/pipeline-configuration",
              "prefix": "/sqle/project",
            }
          }
        >
          流水线配置
        </ForwardRef(TypedLink)>,
        "structKey": "pipeline-configuration",
      },
    ],
    "label": "CI/CD集成",
    "permission": undefined,
    "type": "group",
  },
  {
    "children": [
      {
        "icon": <ManagementFilled
          height={18}
          width={18}
        />,
        "key": "sqle/project/projectID/sql-management",
        "label": <ForwardRef(TypedLink)
          params={
            {
              "projectID": "600300",
            }
          }
          to={
            {
              "path": ":projectID/sql-management",
              "prefix": "/sqle/project",
              "query": "instance_id&source",
            }
          }
        >
          SQL管控
        </ForwardRef(TypedLink)>,
        "structKey": "sql-management",
      },
      {
        "icon": <PlanFilled
          height={18}
          width={18}
        />,
        "key": "sqle/project/projectID/sql-management-conf",
        "label": <ForwardRef(TypedLink)
          params={
            {
              "projectID": "600300",
            }
          }
          to={
            {
              "path": ":projectID/sql-management-conf",
              "prefix": "/sqle/project",
            }
          }
        >
          SQL管控配置
        </ForwardRef(TypedLink)>,
        "structKey": "sql-management-conf",
      },
    ],
    "label": "SQL管控",
    "permission": undefined,
    "type": "group",
  },
  {
    "type": "divider",
  },
  {
    "children": [
      {
        "icon": <DatabaseFilled
          height={18}
          width={18}
        />,
        "key": "project/projectID/db-services",
        "label": <ForwardRef(TypedLink)
          params={
            {
              "projectID": "600300",
            }
          }
          to={
            {
              "path": ":projectID/db-services",
              "prefix": "/project",
              "query": "address",
            }
          }
        >
          数据源
        </ForwardRef(TypedLink)>,
        "structKey": "instance",
      },
      {
        "icon": <ProfileSquareFilled
          fill="none"
          height={18}
          width={18}
        />,
        "key": "sqle/project/projectID/rule/template",
        "label": <ForwardRef(TypedLink)
          params={
            {
              "projectID": "600300",
            }
          }
          to={
            {
              "path": ":projectID/rule/template",
              "prefix": "/sqle/project",
            }
          }
        >
          审核规则模板
        </ForwardRef(TypedLink)>,
        "structKey": "rule-template",
      },
      {
        "icon": <WorkflowFilled
          height={18}
          width={18}
        />,
        "key": "sqle/project/projectID/progress",
        "label": <ForwardRef(TypedLink)
          params={
            {
              "projectID": "600300",
            }
          }
          to={
            {
              "path": ":projectID/progress",
              "prefix": "/sqle/project",
            }
          }
        >
          审批流程模板
        </ForwardRef(TypedLink)>,
        "structKey": "workflow-template",
      },
      {
        "icon": <MemberFilled
          height={18}
          width={18}
        />,
        "key": "project/projectID/member",
        "label": <ForwardRef(TypedLink)
          params={
            {
              "projectID": "600300",
            }
          }
          to={
            {
              "path": ":projectID/member",
              "prefix": "/project",
            }
          }
        >
          成员与权限
        </ForwardRef(TypedLink)>,
        "structKey": "member",
      },
      {
        "icon": <GearFilled
          height={18}
          width={18}
        />,
        "key": "sqle/project/projectID/push-rule",
        "label": <ForwardRef(TypedLink)
          params={
            {
              "projectID": "600300",
            }
          }
          to={
            {
              "path": ":projectID/push-rule",
              "prefix": "/sqle/project",
            }
          }
        >
          推送规则
        </ForwardRef(TypedLink)>,
        "structKey": "push-rule-configuration",
      },
      {
        "icon": <ResolveFileFilled
          height={18}
          width={18}
        />,
        "key": "sqle/project/projectID/whitelist",
        "label": <ForwardRef(TypedLink)
          params={
            {
              "projectID": "600300",
            }
          }
          to={
            {
              "path": ":projectID/whitelist",
              "prefix": "/sqle/project",
            }
          }
        >
          审核SQL例外
        </ForwardRef(TypedLink)>,
        "structKey": "whitelist",
      },
      {
        "icon": <ExceptionFileOutlined
          height={18}
          width={18}
        />,
        "key": "sqle/project/projectID/sql-management-exception",
        "label": <ForwardRef(TypedLink)
          params={
            {
              "projectID": "600300",
            }
          }
          to={
            {
              "path": ":projectID/sql-management-exception",
              "prefix": "/sqle/project",
            }
          }
        >
          管控SQL例外
        </ForwardRef(TypedLink)>,
        "structKey": "sql-management-exception",
      },
    ],
    "label": "项目配置",
    "permission": undefined,
    "type": "group",
  },
  {
    "type": "divider",
  },
  {
    "children": [
      {
        "icon": <OperateAuditFilled
          height={18}
          width={18}
        />,
        "key": "sqle/project/projectID/operation-record",
        "label": <ForwardRef(TypedLink)
          params={
            {
              "projectID": "600300",
            }
          }
          to={
            {
              "path": ":projectID/operation-record",
              "prefix": "/sqle/project",
            }
          }
        >
          SQLE操作记录
        </ForwardRef(TypedLink)>,
        "permission": "page:operation_record",
        "structKey": "sqle-log",
      },
    ],
    "label": "操作与审计",
    "permission": "page:operation_record",
    "type": "group",
  },
]
`;

exports[`test genMenuItemsWithMenuStructTree should match snapshot 7`] = `
[
  {
    "icon": <OverviewOutlined
      height={18}
      width={18}
    />,
    "key": "sqle/project/projectID/overview",
    "label": <ForwardRef(TypedLink)
      params={
        {
          "projectID": "600300",
        }
      }
      to={
        {
          "path": ":projectID/overview",
          "prefix": "/sqle/project",
        }
      }
    >
      项目概览
    </ForwardRef(TypedLink)>,
    "structKey": "project-overview",
  },
  {
    "type": "divider",
  },
  {
    "children": [
      {
        "icon": <ComputerFilled
          height={18}
          width={18}
        />,
        "key": "project/projectID/cloud-beaver",
        "label": <ForwardRef(TypedLink)
          params={
            {
              "projectID": "600300",
            }
          }
          to={
            {
              "path": ":projectID/cloud-beaver",
              "prefix": "/project",
              "query": "open_cloud_beaver",
            }
          }
        >
          SQL工作台
        </ForwardRef(TypedLink)>,
        "structKey": "cloud-beaver",
      },
      {
        "icon": <ExportFilled
          height={18}
          width={18}
        />,
        "key": "project/projectID/data/export",
        "label": <ForwardRef(TypedLink)
          params={
            {
              "projectID": "600300",
            }
          }
          to={
            {
              "path": ":projectID/data/export",
              "prefix": "/project",
            }
          }
        >
          数据导出
        </ForwardRef(TypedLink)>,
        "structKey": "data-export",
      },
      {
        "icon": <MagnifierFilled
          height={18}
          width={18}
        />,
        "key": "sqle/project/projectID/sql-audit",
        "label": <ForwardRef(TypedLink)
          params={
            {
              "projectID": "600300",
            }
          }
          to={
            {
              "path": ":projectID/sql-audit",
              "prefix": "/sqle/project",
              "query": "SQLAuditRecordID",
            }
          }
        >
          快捷审核
        </ForwardRef(TypedLink)>,
        "structKey": "sql-audit",
      },
      {
        "icon": <CodeOutlined
          height={18}
          width={18}
        />,
        "key": "sqle/project/projectID/plugin-audit",
        "label": <ForwardRef(TypedLink)
          params={
            {
              "projectID": "600300",
            }
          }
          to={
            {
              "path": ":projectID/plugin-audit",
              "prefix": "/sqle/project",
            }
          }
        >
          IDE审核
        </ForwardRef(TypedLink)>,
        "structKey": "plugin-audit",
      },
      {
        "icon": <RiseSquareOutlined
          height={18}
          width={18}
        />,
        "key": "sqle/project/projectID/sql-optimization",
        "label": <ForwardRef(TypedLink)
          params={
            {
              "projectID": "600300",
            }
          }
          to={
            {
              "path": ":projectID/sql-optimization",
              "prefix": "/sqle/project",
            }
          }
        >
          智能调优
        </ForwardRef(TypedLink)>,
        "permission": "page:sql_optimization",
        "structKey": "sql-optimization",
      },
      {
        "icon": <ComparisonOutlined
          height={18}
          width={18}
        />,
        "key": "sqle/project/projectID/data-source-comparison",
        "label": <ForwardRef(TypedLink)
          params={
            {
              "projectID": "600300",
            }
          }
          to={
            {
              "path": ":projectID/data-source-comparison",
              "prefix": "/sqle/project",
            }
          }
        >
          结构对比
        </ForwardRef(TypedLink)>,
        "structKey": "data-source-comparison",
      },
    ],
    "label": "SQL开发",
    "permission": undefined,
    "type": "group",
  },
  {
    "children": [
      {
        "icon": <BriefcaseFilled
          height={18}
          width={18}
        />,
        "key": "sqle/project/projectID/exec-workflow",
        "label": <ForwardRef(TypedLink)
          params={
            {
              "projectID": "600300",
            }
          }
          to={
            {
              "path": ":projectID/exec-workflow",
              "prefix": "/sqle/project",
            }
          }
        >
          SQL工单
        </ForwardRef(TypedLink)>,
        "structKey": "exec-workflow",
      },
      {
        "icon": <FileVersionOutlined
          height={18}
          width={18}
        />,
        "key": "sqle/project/projectID/version-management",
        "label": <ForwardRef(TypedLink)
          params={
            {
              "projectID": "600300",
            }
          }
          to={
            {
              "path": ":projectID/version-management",
              "prefix": "/sqle/project",
            }
          }
        >
          版本管理
        </ForwardRef(TypedLink)>,
        "structKey": "version-management",
      },
    ],
    "label": "SQL上线",
    "permission": undefined,
    "type": "group",
  },
  {
    "children": [
      {
        "icon": <PipelineOutlined
          height={18}
          width={18}
        />,
        "key": "sqle/project/projectID/pipeline-configuration",
        "label": <ForwardRef(TypedLink)
          params={
            {
              "projectID": "600300",
            }
          }
          to={
            {
              "path": ":projectID/pipeline-configuration",
              "prefix": "/sqle/project",
            }
          }
        >
          流水线配置
        </ForwardRef(TypedLink)>,
        "structKey": "pipeline-configuration",
      },
    ],
    "label": "CI/CD集成",
    "permission": undefined,
    "type": "group",
  },
  {
    "children": [
      {
        "icon": <ManagementFilled
          height={18}
          width={18}
        />,
        "key": "sqle/project/projectID/sql-management",
        "label": <ForwardRef(TypedLink)
          params={
            {
              "projectID": "600300",
            }
          }
          to={
            {
              "path": ":projectID/sql-management",
              "prefix": "/sqle/project",
              "query": "instance_id&source",
            }
          }
        >
          SQL管控
        </ForwardRef(TypedLink)>,
        "structKey": "sql-management",
      },
      {
        "icon": <PlanFilled
          height={18}
          width={18}
        />,
        "key": "sqle/project/projectID/sql-management-conf",
        "label": <ForwardRef(TypedLink)
          params={
            {
              "projectID": "600300",
            }
          }
          to={
            {
              "path": ":projectID/sql-management-conf",
              "prefix": "/sqle/project",
            }
          }
        >
          SQL管控配置
        </ForwardRef(TypedLink)>,
        "structKey": "sql-management-conf",
      },
    ],
    "label": "SQL管控",
    "permission": undefined,
    "type": "group",
  },
  {
    "type": "divider",
  },
  {
    "children": [
      {
        "icon": <DatabaseFilled
          height={18}
          width={18}
        />,
        "key": "project/projectID/db-services",
        "label": <ForwardRef(TypedLink)
          params={
            {
              "projectID": "600300",
            }
          }
          to={
            {
              "path": ":projectID/db-services",
              "prefix": "/project",
              "query": "address",
            }
          }
        >
          数据源
        </ForwardRef(TypedLink)>,
        "structKey": "instance",
      },
      {
        "icon": <ProfileSquareFilled
          fill="none"
          height={18}
          width={18}
        />,
        "key": "sqle/project/projectID/rule/template",
        "label": <ForwardRef(TypedLink)
          params={
            {
              "projectID": "600300",
            }
          }
          to={
            {
              "path": ":projectID/rule/template",
              "prefix": "/sqle/project",
            }
          }
        >
          审核规则模板
        </ForwardRef(TypedLink)>,
        "structKey": "rule-template",
      },
      {
        "icon": <WorkflowFilled
          height={18}
          width={18}
        />,
        "key": "sqle/project/projectID/progress",
        "label": <ForwardRef(TypedLink)
          params={
            {
              "projectID": "600300",
            }
          }
          to={
            {
              "path": ":projectID/progress",
              "prefix": "/sqle/project",
            }
          }
        >
          审批流程模板
        </ForwardRef(TypedLink)>,
        "structKey": "workflow-template",
      },
      {
        "icon": <MemberFilled
          height={18}
          width={18}
        />,
        "key": "project/projectID/member",
        "label": <ForwardRef(TypedLink)
          params={
            {
              "projectID": "600300",
            }
          }
          to={
            {
              "path": ":projectID/member",
              "prefix": "/project",
            }
          }
        >
          成员与权限
        </ForwardRef(TypedLink)>,
        "structKey": "member",
      },
      {
        "icon": <GearFilled
          height={18}
          width={18}
        />,
        "key": "sqle/project/projectID/push-rule",
        "label": <ForwardRef(TypedLink)
          params={
            {
              "projectID": "600300",
            }
          }
          to={
            {
              "path": ":projectID/push-rule",
              "prefix": "/sqle/project",
            }
          }
        >
          推送规则
        </ForwardRef(TypedLink)>,
        "structKey": "push-rule-configuration",
      },
      {
        "icon": <ResolveFileFilled
          height={18}
          width={18}
        />,
        "key": "sqle/project/projectID/whitelist",
        "label": <ForwardRef(TypedLink)
          params={
            {
              "projectID": "600300",
            }
          }
          to={
            {
              "path": ":projectID/whitelist",
              "prefix": "/sqle/project",
            }
          }
        >
          审核SQL例外
        </ForwardRef(TypedLink)>,
        "structKey": "whitelist",
      },
      {
        "icon": <ExceptionFileOutlined
          height={18}
          width={18}
        />,
        "key": "sqle/project/projectID/sql-management-exception",
        "label": <ForwardRef(TypedLink)
          params={
            {
              "projectID": "600300",
            }
          }
          to={
            {
              "path": ":projectID/sql-management-exception",
              "prefix": "/sqle/project",
            }
          }
        >
          管控SQL例外
        </ForwardRef(TypedLink)>,
        "structKey": "sql-management-exception",
      },
    ],
    "label": "项目配置",
    "permission": undefined,
    "type": "group",
  },
  {
    "type": "divider",
  },
  {
    "children": [
      {
        "icon": <OperateAuditFilled
          height={18}
          width={18}
        />,
        "key": "sqle/project/projectID/operation-record",
        "label": <ForwardRef(TypedLink)
          params={
            {
              "projectID": "600300",
            }
          }
          to={
            {
              "path": ":projectID/operation-record",
              "prefix": "/sqle/project",
            }
          }
        >
          SQLE操作记录
        </ForwardRef(TypedLink)>,
        "permission": "page:operation_record",
        "structKey": "sqle-log",
      },
    ],
    "label": "操作与审计",
    "permission": "page:operation_record",
    "type": "group",
  },
]
`;
