// Jest Snapshot v1, https://goo.gl/fbAQLP

exports[`TagSelectorBar render init snap 1`] = `
<div>
  <div
    class="ant-space ant-space-horizontal ant-space-align-center css-5rjiyz"
    style="flex-wrap: wrap; margin-bottom: -4px;"
  >
    <div
      class="ant-space-item"
      style="margin-right: 4px; padding-bottom: 4px;"
    >
      <div
        class="popover-target"
      >
        <span>
          已选择标签
          (
          1
          )
        </span>
        <svg
          height="20"
          viewBox="0 0 16 16"
          width="20"
          xmlns="http://www.w3.org/2000/svg"
        >
          <path
            d="m8 8.781 3.3-3.3.943.943L8 10.667 3.757 6.424l.943-.943z"
            fill="#C3C6CD"
          />
        </svg>
      </div>
    </div>
    <div
      class="ant-space-item"
      style="padding-bottom: 4px;"
    >
      <span
        class="ant-tag ant-tag-default basic-tag-wrapper basic-small-tag-wrapper css-d31ub5"
      >
        RAND
        <span
          aria-label="close"
          class="anticon anticon-close ant-tag-close-icon"
          role="img"
          tabindex="-1"
        >
          <svg
            aria-hidden="true"
            data-icon="close"
            fill="currentColor"
            fill-rule="evenodd"
            focusable="false"
            height="1em"
            viewBox="64 64 896 896"
            width="1em"
          >
            <path
              d="M799.86 166.31c.02 0 .04.02.08.06l57.69 57.7c.04.03.05.05.06.08a.12.12 0 010 .06c0 .03-.02.05-.06.09L569.93 512l287.7 287.7c.04.04.05.06.06.09a.12.12 0 010 .07c0 .02-.02.04-.06.08l-57.7 57.69c-.03.04-.05.05-.07.06a.12.12 0 01-.07 0c-.03 0-.05-.02-.09-.06L512 569.93l-287.7 287.7c-.04.04-.06.05-.09.06a.12.12 0 01-.07 0c-.02 0-.04-.02-.08-.06l-57.69-57.7c-.04-.03-.05-.05-.06-.07a.12.12 0 010-.07c0-.03.02-.05.06-.09L454.07 512l-287.7-287.7c-.04-.04-.05-.06-.06-.09a.12.12 0 010-.07c0-.02.02-.04.06-.08l57.7-57.69c.03-.04.05-.05.07-.06a.12.12 0 01.07 0c.03 0 .05.02.09.06L512 454.07l287.7-287.7c.04-.04.06-.05.09-.06a.12.12 0 01.07 0z"
            />
          </svg>
        </span>
      </span>
    </div>
  </div>
</div>
`;

exports[`TagSelectorBar render select tag 1`] = `
<body>
  <div>
    <div
      class="ant-space ant-space-horizontal ant-space-align-center css-5rjiyz"
      style="flex-wrap: wrap; margin-bottom: -4px;"
    >
      <div
        class="ant-space-item"
        style="padding-bottom: 4px;"
      >
        <div
          class="popover-target ant-popover-open"
        >
          <span>
            已选择标签
            (
            0
            )
          </span>
          <svg
            height="20"
            viewBox="0 0 16 16"
            width="20"
            xmlns="http://www.w3.org/2000/svg"
          >
            <path
              d="m8 8.781 3.3-3.3.943.943L8 10.667 3.757 6.424l.943-.943z"
              fill="#C3C6CD"
            />
          </svg>
        </div>
      </div>
    </div>
  </div>
  <div>
    <div
      class="ant-popover ant-zoom-big-appear ant-zoom-big-appear-prepare ant-zoom-big ant-popover-placement-bottomLeft"
      style="--arrow-x: 0px; --arrow-y: 0px; left: -1000vw; top: -1000vh; box-sizing: border-box;"
    >
      <div
        class="ant-popover-content"
      >
        <div
          class="ant-popover-inner"
          role="tooltip"
          style="padding: 0px;"
        >
          <div
            class="ant-popover-inner-content"
          >
            <div
              class="ant-space ant-space-vertical css-yta4rc"
            >
              <div
                class="ant-space-item"
                style="margin-bottom: 8px;"
              >
                <span
                  class="ant-input-affix-wrapper basic-input-wrapper css-1pd1cd5 ant-input-affix-wrapper-sm"
                >
                  <input
                    class="ant-input ant-input-sm"
                    placeholder="搜索"
                    type="text"
                    value=""
                  />
                  <span
                    class="ant-input-suffix"
                  >
                    <span
                      class="ant-input-clear-icon ant-input-clear-icon-hidden"
                      role="button"
                      tabindex="-1"
                    >
                      <svg
                        fill="currentColor"
                        height="14"
                        viewBox="0 0 14 14"
                        width="14"
                        xmlns="http://www.w3.org/2000/svg"
                      >
                        <path
                          d="m7 6.175 2.887-2.887.825.825L7.825 7l2.887 2.888-.825.824L7 7.825l-2.888 2.887-.824-.824L6.175 7 3.288 4.113l.824-.825z"
                        />
                      </svg>
                    </span>
                  </span>
                </span>
              </div>
              <div
                class="ant-space-item"
              >
                <div
                  class="ant-checkbox-group"
                >
                  <label
                    class="ant-checkbox-wrapper"
                  >
                    <span
                      class="ant-checkbox"
                    >
                      <input
                        class="ant-checkbox-input"
                        type="checkbox"
                        value="RAND"
                      />
                      <span
                        class="ant-checkbox-inner"
                      />
                    </span>
                    <span>
                      <span
                        title="RAND"
                      >
                        RAND
                      </span>
                    </span>
                  </label>
                  <label
                    class="ant-checkbox-wrapper"
                  >
                    <span
                      class="ant-checkbox"
                    >
                      <input
                        class="ant-checkbox-input"
                        type="checkbox"
                        value="YEAR"
                      />
                      <span
                        class="ant-checkbox-inner"
                      />
                    </span>
                    <span>
                      <span
                        title="YEAR"
                      >
                        YEAR
                      </span>
                    </span>
                  </label>
                  <label
                    class="ant-checkbox-wrapper"
                  >
                    <span
                      class="ant-checkbox"
                    >
                      <input
                        class="ant-checkbox-input"
                        type="checkbox"
                        value="HINT"
                      />
                      <span
                        class="ant-checkbox-inner"
                      />
                    </span>
                    <span>
                      <span
                        title="HINT"
                      >
                        HINT
                      </span>
                    </span>
                  </label>
                  <label
                    class="ant-checkbox-wrapper"
                  >
                    <span
                      class="ant-checkbox"
                    >
                      <input
                        class="ant-checkbox-input"
                        type="checkbox"
                        value="ALTER_TABLE"
                      />
                      <span
                        class="ant-checkbox-inner"
                      />
                    </span>
                    <span>
                      <span
                        title="ALTER_TABLE"
                      >
                        ALTER_TABLE
                      </span>
                    </span>
                  </label>
                  <label
                    class="ant-checkbox-wrapper"
                  >
                    <span
                      class="ant-checkbox"
                    >
                      <input
                        class="ant-checkbox-input"
                        type="checkbox"
                        value="EXPLAIN_FORMAT_JSON"
                      />
                      <span
                        class="ant-checkbox-inner"
                      />
                    </span>
                    <span>
                      <span
                        title="EXPLAIN_FORMAT_JSON"
                      >
                        EXPLAIN_FORMAT_JSON
                      </span>
                    </span>
                  </label>
                  <label
                    class="ant-checkbox-wrapper"
                  >
                    <span
                      class="ant-checkbox"
                    >
                      <input
                        class="ant-checkbox-input"
                        type="checkbox"
                        value="SUBQUERY"
                      />
                      <span
                        class="ant-checkbox-inner"
                      />
                    </span>
                    <span>
                      <span
                        title="SUBQUERY"
                      >
                        SUBQUERY
                      </span>
                    </span>
                  </label>
                  <label
                    class="ant-checkbox-wrapper"
                  >
                    <span
                      class="ant-checkbox"
                    >
                      <input
                        class="ant-checkbox-input"
                        type="checkbox"
                        value="FOREIGN_KEY"
                      />
                      <span
                        class="ant-checkbox-inner"
                      />
                    </span>
                    <span>
                      <span
                        title="FOREIGN_KEY"
                      >
                        FOREIGN_KEY
                      </span>
                    </span>
                  </label>
                </div>
              </div>
            </div>
          </div>
        </div>
      </div>
    </div>
  </div>
</body>
`;
